          SYSTEM HEALTH REPORT       

           CPU INFORMATION        
CPU Model:
------------------------------------------------------------
11th Gen Intel(R) Core(TM) i7-11370H @ 3.30GHz
CPU Cores:
8
------------------------------------------------------------

           MEMORY USAGE       
               total        used        free      shared  buff/cache   available
Mem:           3.7Gi       458Mi       3.2Gi       3.5Mi       160Mi       3.3Gi
Swap:          1.0Gi          0B       1.0Gi
------------------------------------------------------------

           DISK USAGE           
Filesystem      Size  Used Avail Use% Mounted on
none            1.9G     0  1.9G   0% /usr/lib/modules/6.18.33.2-microsoft-standard-WSL2
none            1.9G  4.0K  1.9G   1% /mnt/wsl
drivers         232G  205G   27G  89% /usr/lib/wsl/drivers
/dev/sdd       1007G  4.3G  952G   1% /
none            1.9G   36K  1.9G   1% /mnt/wslg
none            1.9G     0  1.9G   0% /usr/lib/wsl/lib
rootfs          1.9G  2.8M  1.9G   1% /init
none            1.9G  512K  1.9G   1% /run
none            1.9G     0  1.9G   0% /run/lock
none            1.9G     0  1.9G   0% /run/shm
none            1.9G   80K  1.9G   1% /mnt/wslg/versions.txt
none            1.9G   80K  1.9G   1% /mnt/wslg/doc
C:\             232G  205G   27G  89% /mnt/c
D:\             245G   97G  148G  40% /mnt/d
none            1.0M     0  1.0M   0% /run/credentials/systemd-journald.service
tmpfs           1.9G     0  1.9G   0% /tmp
none            1.0M     0  1.0M   0% /run/credentials/systemd-resolved.service
none            1.0M     0  1.0M   0% /run/credentials/getty@tty1.service
tmpfs           379M   12K  379M   1% /run/user/1000
-------------------------------------------------------------
disk is in healthy mode
